#status
  %s == :available

#available?
  %s == true

#registered?
  %s == false

#domain
  %s == "u34jedzcq.br"


#created_on
  %s == nil

#updated_on
  %s == nil

#expires_on
  %s == nil


#nameservers
  %s %CLASS{array}
  %s == []
